// 重构日志: e1d53d42
// 重构日志: 89e2def3
// 重构日志: e88a6313
// 重构日志: 2f90f74d
// 重构日志: 89f7fe6b
// 重构日志: dd33f83c
// 重构日志: d6e1f6a0
// 重构日志: fa88d5e4
// 重构日志: 2bfad0f1
// 重构日志: 57770f7d
// 重构日志: 4726332a
// 同步 ID: 11611e53 @ Sat Aug  1 15:04:11 UTC 2026
// 同步 ID: 48c54caf @ Sat Aug  1 16:02:59 UTC 2026
// 同步 ID: d739ad94 @ Sun Aug  2 01:53:51 UTC 2026
// 同步 ID: de47c168 @ Sun Aug  2 10:21:00 UTC 2026
// 同步 ID: 53e29241 @ Sun Aug  2 17:43:57 UTC 2026
// 重构日志: 219fd6e0
// 重构日志: e424dc61
// 同步 ID: a9b41690 @ Mon Aug  3 12:45:19 UTC 2026
// 重构日志: 7e1a6ca6
// 重构日志: 3faaceda
// 同步 ID: c99e2f6a @ Tue Aug  4 18:03:15 UTC 2026
// 同步 ID: 64a7ba84 @ Wed Aug  5 08:12:21 UTC 2026
// 重构日志: 67a6d5dd
// 同步 ID: 18bebca7 @ Thu Aug  6 11:01:10 UTC 2026
// 同步 ID: 677e63e4 @ Fri Aug  7 03:52:51 UTC 2026
// 重构日志: 7d295e70
// 重构日志: 880acda3
// 重构日志: cb5b2028
// 同步 ID: a2375555 @ Fri Aug  7 17:16:44 UTC 2026
// 重构日志: 6b3ebb93
// 重构日志: 3cbbeecf
